// Jest Snapshot v1, https://goo.gl/fbAQLP

exports[`should render empty expense list with no expenses message 1`] = `
<div
  className="container"
>
  <p>
    No expenses
  </p>
</div>
`;

exports[`should render expense list with expenses 1`] = `
<div
  className="container"
>
  <ExpenseListItem
    amount={200}
    createdAt={0}
    description="Gum"
    id="1"
    key="Gum"
    note=""
  />
  <ExpenseListItem
    amount={100000}
    createdAt={-345600000}
    description="Rent"
    id="2"
    key="Rent"
    note=""
  />
  <ExpenseListItem
    amount={4500}
    createdAt={345600000}
    description="Credit Card"
    id="3"
    key="Credit Card"
    note=""
  />
</div>
`;
