// Jest Snapshot v1, https://goo.gl/fbAQLP

exports[`should render Header correctly 1`] = `
<header>
  <div
    className="container"
  >
    <NavLink
      activeClassName="active"
      ariaCurrent="true"
      className="nav-link"
      exact={true}
      to="/"
    >
      <Image
        bsClass="img"
        circle={false}
        responsive={true}
        rounded={false}
        src="images/biglogo.png"
        thumbnail={false}
      />
    </NavLink>
  </div>
</header>
`;
